// Jest Snapshot v1, https://goo.gl/fbAQLP

exports[`[int] Opensea works with '0xe75AFa985de4F013AccFc8b4Dd744551C6EEB5a9': fetchNfts 1`] = `
Array [
  25404240,
]
`;

exports[`[int] Opensea works with '0xe75AFa985de4F013AccFc8b4Dd744551C6EEB5a9': fetchNftsResponse 1`] = `
Object {
  "assets": Array [
    Object {
      "animation_original_url": null,
      "animation_url": null,
      "asset_contract": Object {
        "address": "0x57f1887a8bf19b14fc0df6fd9b2acc9af147ea85",
        "asset_contract_type": "non-fungible",
        "buyer_fee_basis_points": 0,
        "created_date": "2019-05-08T21:59:29.327544",
        "default_to_fiat": false,
        "description": "Ethereum Name Service (ENS) domains are secure domain names for the decentralized world. ENS domains provide a way for users to map human readable names to blockchain and non-blockchain resources, like Ethereum addresses, IPFS hashes, or website URLs. ENS domains can be bought and sold on secondary markets.",
        "dev_buyer_fee_basis_points": 0,
        "dev_seller_fee_basis_points": 0,
        "external_link": "https://ens.domains",
        "image_url": "https://lh3.googleusercontent.com/0cOqWoYA7xL9CkUjGlxsjreSYBdrUBE0c6EO1COG4XE8UeP-Z30ckqUNiL872zHQHQU5MUNMNhfDpyXIP17hRSC5HQ=s60",
        "name": "ENS",
        "nft_version": "3.0",
        "only_proxied_transfers": false,
        "opensea_buyer_fee_basis_points": 0,
        "opensea_seller_fee_basis_points": 250,
        "opensea_version": null,
        "owner": 279872,
        "payout_address": null,
        "schema_name": "ERC721",
        "seller_fee_basis_points": 250,
        "symbol": "ENS",
        "total_supply": null,
      },
      "background_color": null,
      "collection": Object {
        "banner_image_url": null,
        "chat_url": null,
        "created_date": "2019-05-08T21:59:36.282454",
        "default_to_fiat": false,
        "description": "Ethereum Name Service (ENS) domains are secure domain names for the decentralized world. ENS domains provide a way for users to map human readable names to blockchain and non-blockchain resources, like Ethereum addresses, IPFS hashes, or website URLs. ENS domains can be bought and sold on secondary markets.",
        "dev_buyer_fee_basis_points": "0",
        "dev_seller_fee_basis_points": "0",
        "discord_url": null,
        "display_data": Object {
          "card_display_style": "cover",
        },
        "external_url": "https://ens.domains",
        "featured": false,
        "featured_image_url": "https://lh3.googleusercontent.com/BBj09xD7R4bBtg1lgnAAS9_TfoYXKwMtudlk-0fVljlURaK7BWcARCpkM-1LGNGTAcsGO6V1TgrtmQFvCo8uVYW_QEfASK-9j6Nr=s300",
        "hidden": false,
        "image_url": "https://lh3.googleusercontent.com/0cOqWoYA7xL9CkUjGlxsjreSYBdrUBE0c6EO1COG4XE8UeP-Z30ckqUNiL872zHQHQU5MUNMNhfDpyXIP17hRSC5HQ=s60",
        "instagram_username": null,
        "is_subject_to_whitelist": false,
        "large_image_url": "https://lh3.googleusercontent.com/BBj09xD7R4bBtg1lgnAAS9_TfoYXKwMtudlk-0fVljlURaK7BWcARCpkM-1LGNGTAcsGO6V1TgrtmQFvCo8uVYW_QEfASK-9j6Nr=s300",
        "medium_username": "the-ethereum-name-service",
        "name": "ENS: Ethereum Name Service",
        "only_proxied_transfers": false,
        "opensea_buyer_fee_basis_points": "0",
        "opensea_seller_fee_basis_points": "250",
        "payout_address": null,
        "require_email": false,
        "safelist_request_status": "verified",
        "short_description": null,
        "slug": "ens",
        "telegram_url": null,
        "twitter_username": "ensdomains",
        "wiki_url": null,
      },
      "creator": Object {
        "address": "0x4fe4e666be5752f1fdd210f4ab5de2cc26e3e0e8",
        "config": "",
        "profile_img_url": "https://storage.googleapis.com/opensea-static/opensea-profile/9.png",
        "user": null,
      },
      "decimals": null,
      "description": "\`rahrt.eth\`, an ENS name.

Please check the expiration date. To keep your name beyond that date, you will need to pay a renewal fee, currently set at $5/year for names 5 characters or longer, $160/year for names 4 characters in length, and $640/year for names 3 characters in length.",
      "external_link": "https://app.ens.domains/search/rahrt",
      "id": 25404240,
      "image_original_url": null,
      "image_preview_url": "https://lh3.googleusercontent.com/W7PWHRBknZdrjgNt9dSNCWdlraA41Dw9PhbiVqO2BNTaXfW5AXhOAOLYctDNgVHbma2hvuZsYiy4UFCVsMf-J8yokCCTkyPC3U-wdEc=s250",
      "image_thumbnail_url": "https://lh3.googleusercontent.com/W7PWHRBknZdrjgNt9dSNCWdlraA41Dw9PhbiVqO2BNTaXfW5AXhOAOLYctDNgVHbma2hvuZsYiy4UFCVsMf-J8yokCCTkyPC3U-wdEc=s128",
      "image_url": "https://lh3.googleusercontent.com/W7PWHRBknZdrjgNt9dSNCWdlraA41Dw9PhbiVqO2BNTaXfW5AXhOAOLYctDNgVHbma2hvuZsYiy4UFCVsMf-J8yokCCTkyPC3U-wdEc",
      "is_presale": false,
      "last_sale": null,
      "listing_date": null,
      "name": "rahrt.eth",
      "num_sales": 0,
      "owner": Object {
        "address": "0xe75afa985de4f013accfc8b4dd744551c6eeb5a9",
        "config": "",
        "profile_img_url": "https://storage.googleapis.com/opensea-static/opensea-profile/21.png",
        "user": null,
      },
      "permalink": "https://opensea.io/assets/0x57f1887a8bf19b14fc0df6fd9b2acc9af147ea85/13334487929672912875225218455723364774141570484356505357480240172131791493081",
      "sell_orders": null,
      "token_id": "13334487929672912875225218455723364774141570484356505357480240172131791493081",
      "token_metadata": null,
      "top_bid": null,
      "traits": Array [
        Object {
          "display_type": null,
          "max_value": null,
          "order": null,
          "trait_count": 62684,
          "trait_type": "tag",
          "value": "Short Name",
        },
        Object {
          "display_type": "number",
          "max_value": null,
          "order": null,
          "trait_count": 0,
          "trait_type": "Length",
          "value": 5,
        },
      ],
      "transfer_fee": null,
      "transfer_fee_payment_token": null,
    },
  ],
}
`;
